// Jest Snapshot v1, https://goo.gl/fbAQLP

exports[`MainPageButton component should match the snapshot 1`] = `
<div>
  <button
    className="btn btn-primary"
    onClick={[Function]}
    style={
      Object {
        "textAlign": "center",
      }
    }
    type="button"
  >
    Go Back
  </button>
</div>
`;
